ASxxxx Linker V05.00,  page 1.
Hexidecimal  [16-Bits]

Area                       Addr        Size        Decimal Bytes (Attributes)
--------------------       ----        ----        ------- ----- ------------
.  .ABS.                   0000        0000 =           0. bytes (ABS,OVR,CSEG)

         Value  Global                             Global Defined In Module
         -----  --------------------------------   ------------------------
          0000  l__DATA                         
          0000  l__CODE                         
          0000  s__DATA                         
          0000  s__CODE                         
          0000  l_.text.unlikely                
          0000  .__.ABS.                           crt0.c
          0000  s_.cartridge                    
          0000  l_.text.hot                     
          0000  s_.direct                       
          0001  l_.0xf0                         
          0002  l_.0xe9                         
          0010  l_.dpd0                         
          0016  l_.dpcb                         
          0019  l_.data                         
          0019  l_.dped                         
          001E  s_.text                         
          001E  l_.cartridge                    
          001E  l_.0xe7                         
          0021  l_.dpfc                         
          0068  l_.0xf7                         
          0069  l_.bss                          
          007A  l_.dpff                         
          0080  l_.dpc8                         
          0092  l_.0xf6                         
          0095  l_.0xf4                         
          009D  l_.0xf9                         
          00A7  l_.0xf2                         
          00AD  l_.0xf1                         
          00B3  l_.0xea                         
          00C7  l_.dpfd                         
          00CB  l_.0xf8                         
          00D1  l_.dpfe                         
          00D8  l_.0xf3                         
          00EF  l_.0xf5                         
          0100  l_.direct                       
          3512  l_.text                         
          3530  s_.text.unlikely                
          3530  s_.text.hot                     
          C800  s_.dpc8                         
          C880  s_.data                         
          C899  s_.bss                          
          CBEA  s_.dpcb                         
          D000  s_.dpd0                         
          E7B5  s_.0xe7                         
          E98A  s_.0xe9                         
          EA3E  s_.0xea                         
          ED77  s_.dped                         
          F000  s_.0xf0                         
          F000  _free                              gcc.c
          F000  _malloc                            gcc.c
ASxxxx Linker V05.00,  page 2.
Hexidecimal  [16-Bits]

Area                       Addr        Size        Decimal Bytes (Attributes)
--------------------       ----        ----        ------- ----- ------------
.  .ABS.                   0000        0000 =           0. bytes (ABS,OVR,CSEG)

         Value  Global                             Global Defined In Module
         -----  --------------------------------   ------------------------
          F000  _abort                             gcc.c
          F14C  s_.0xf1                         
          F256  s_.0xf2                         
          F308  s_.0xf3                         
          F404  s_.0xf4                         
          F511  s_.0xf5                         
          F601  s_.0xf6                         
          F742  s_.0xf7                         
          F835  s_.0xf8                         
          F92E  s_.0xf9                         
          FC6D  s_.dpfc                         
          FD0D  s_.dpfd                         
          FE28  s_.dpfe                         
          FF16  s_.dpff                         
ASxxxx Linker V05.00,  page 3.
Hexidecimal  [16-Bits]
[ Bank == rom ]

Area                       Addr        Size        Decimal Bytes (Attributes)
--------------------       ----        ----        ------- ----- ------------
.cartridge                 0000        001E =          30. bytes (REL,CON,CSEG)

         Value  Global                             Global Defined In Module
         -----  --------------------------------   ------------------------
          0000  _game_header                       cartridge.c

ASxxxx Linker V05.00,  page 4.
Hexidecimal  [16-Bits]
[ Bank == rom ]

Area                       Addr        Size        Decimal Bytes (Attributes)
--------------------       ----        ----        ------- ----- ------------
.text                      001E        3512 =       13586. bytes (REL,CON,CSEG)

         Value  Global                             Global Defined In Module
         -----  --------------------------------   ------------------------
          0059  _memcmp                            gcc.c
          00AA  _memcpy                            gcc.c
          00D9  _memmove                           gcc.c
          013F  _memset                            gcc.c
          0159  __Dot_d                            vec_rum_fct_pjc.c
          015E  __Dot_dd                           vec_rum_fct_pjc.c
          0163  __Print_Str_hwyx                   vec_rum_fct_pjc.c
          016C  __Print_Str_yx                     vec_rum_fct_pjc.c
          0175  __Print_Str_d                      vec_rum_fct_pjc.c
          0180  __Print_Str_dd                     vec_rum_fct_pjc.c
          018B  __Print_List_hw                    vec_rum_fct_pjc.c
          0194  __Print_List                       vec_rum_fct_pjc.c
          019D  __Print_List_chk                   vec_rum_fct_pjc.c
          01A6  __Print_Ships_x                    vec_rum_fct_pjc.c
          01AB  __Print_Ships                      vec_rum_fct_pjc.c
          01B0  __Print_Str                        vec_rum_fct_pjc.c
          01B9  __Print_MRast                      vec_rum_fct_pjc.c
          01C0  __Draw_Pat_VL_aa                   vec_rum_fct_pjc.c
          01C5  __Draw_Pat_VL_a                    vec_rum_fct_pjc.c
          01CA  __Draw_Line_d                      vec_rum_fct_pjc.c
          01CF  __Draw_VL_ab                       vec_rum_fct_pjc.c
          01D4  __Draw_VL_a                        vec_rum_fct_pjc.c
          01D9  __Mov_Draw_VL_ab                   vec_rum_fct_pjc.c
          01DE  __Mov_Draw_VL_a                    vec_rum_fct_pjc.c
          01E3  __Mov_Draw_VL_d                    vec_rum_fct_pjc.c
          01E8  __Rot_VL_Mode                      vec_rum_fct_pjc.c
          01F3  __Rot_VL_Pack                      vec_rum_fct_pjc.c
          01FC  __Rot_VL_M_dft                     vec_rum_fct_pjc.c
          0205  __Random_3                         vec_rum_fct_pjc.c
          020B  __Random                           vec_rum_fct_pjc.c
          0211  __Bitmask_a                        vec_rum_fct_pjc.c
          0219  __Abs_a_b                          vec_rum_fct_pjc.c
          0221  __Xform_Sin                        vec_rum_fct_pjc.c
          0229  __Get_Rise_Run                     vec_rum_fct_pjc.c
          022F  __Xform_Run_a                      vec_rum_fct_pjc.c
          0237  __Xform_Run                        vec_rum_fct_pjc.c
          023D  __Xform_Rise_a                     vec_rum_fct_pjc.c
          0245  __Xform_Rise                       vec_rum_fct_pjc.c
          024B  __Clear_x_d                        vec_rum_fct_pjc.c
          0250  __Move_Mem_a_1                     vec_rum_fct_pjc.c
          025B  __Move_Mem_a                       vec_rum_fct_pjc.c
          0266  __Clear_x_b_a                      vec_rum_fct_pjc.c
          026B  __Read_Btns_Mask                   vec_rum_fct_pjc.c
          0270  __Select_Game                      vec_rum_fct_pjc.c
          0279  __Display_Option                   vec_rum_fct_pjc.c
          0284  __Add_Score_a                      vec_rum_fct_pjc.c
          028D  __Add_Score_d                      vec_rum_fct_pjc.c
          0292  __Compare_Score                    vec_rum_fct_pjc.c
          029D  __New_High_Score                   vec_rum_fct_pjc.c
ASxxxx Linker V05.00,  page 5.
Hexidecimal  [16-Bits]
[ Bank == rom ]

Area                       Addr        Size        Decimal Bytes (Attributes)
--------------------       ----        ----        ------- ----- ------------
.text                      001E        3512 =       13586. bytes (REL,CON,CSEG)

         Value  Global                             Global Defined In Module
         -----  --------------------------------   ------------------------
          02A6  __Sound_Byte                       vec_rum_fct_pjc.c
          02AB  __Sound_Byte_x                     vec_rum_fct_pjc.c
          02B0  __Sound_Bytes                      vec_rum_fct_pjc.c
          02B9  __Sound_Bytes_x                    vec_rum_fct_pjc.c
          02C2  __Do_Sound                         vec_rum_fct_pjc.c
          02C9  __Init_Music_chk                   vec_rum_fct_pjc.c
          02D2  __Init_Music                       vec_rum_fct_pjc.c
          02DB  __Init_Music_a                     vec_rum_fct_pjc.c
          02E4  __Init_Music_x                     vec_rum_fct_pjc.c
          02ED  __Explosion_Snd                    vec_rum_fct_pjc.c
          02F6  __Moveto_d_7F                      vec_rum_fct_pjc.c
          02FB  __Moveto_dd_7F                     vec_rum_fct_pjc.c
          0300  __Moveto_d                         vec_rum_fct_pjc.c
          0305  __Moveto_dd                        vec_rum_fct_pjc.c
          030A  __Intensity_a                      vec_rum_fct_pjc.c
          030F  __Obj_Will_Hit_u                   vec_rum_fct_pjc.c
          0321  __Obj_Will_Hit                     vec_rum_fct_pjc.c
          0333  __Obj_Hit                          vec_rum_fct_pjc.c
          0343  __Rise_Run_X                       vec_rum_fct_pjc.c
          034B  __Rise_Run_Y                       vec_rum_fct_pjc.c
          0353  __Rise_Run_Len                     vec_rum_fct_pjc.c
          035B  __Rot_VL_ab                        vec_rum_fct_pjc.c
          0366  __Rot_VL_Diff                      vec_rum_fct_pjc.c
          036F  __Rot_VL                           vec_rum_fct_pjc.c
          0378  __Dot_y                            vec_rum_fct_pjc.c
          0381  __Dot_py                           vec_rum_fct_pjc.c
          038A  __Draw_Pack                        vec_rum_fct_pjc.c
          0394  __Draw_Pack_py                     vec_rum_fct_pjc.c
          039E  __Print_Msg                        vec_rum_fct_pjc.c
          03A9  __Displ8_xy                        vec_rum_fct_pjc.c
          03B2  __Displ16_xy                       vec_rum_fct_pjc.c
          03BB  __Ranpos                           vec_rum_fct_pjc.c
          03C1  __Draw_Scores                      vec_rum_fct_pjc.c
          03C8  __Draw_Score                       vec_rum_fct_pjc.c
          03CF  __Wait_Bound                       vec_rum_fct_pjc.c
          03D6  _SongAddresshyperspeed             hyperspeedaks
          03EF  _instrument0hyperspeed             hyperspeedaks
          03F1  _instrument0loophyperspeed         hyperspeedaks
          03F8  _instrument1hyperspeed             hyperspeedaks
          03FA  _instrument1loophyperspeed         hyperspeedaks
          043C  _instrument2hyperspeed             hyperspeedaks
          044E  _instrument3hyperspeed             hyperspeedaks
          0450  _instrument3loophyperspeed         hyperspeedaks
          0454  _instrument4hyperspeed             hyperspeedaks
          0463  _instrument5hyperspeed             hyperspeedaks
          0484  _instrument6hyperspeed             hyperspeedaks
          0491  _instrument7hyperspeed             hyperspeedaks
          0493  _instrument7loophyperspeed         hyperspeedaks
          04B0  _instrument8hyperspeed             hyperspeedaks
          04B2  _instrument8loophyperspeed         hyperspeedaks
ASxxxx Linker V05.00,  page 6.
Hexidecimal  [16-Bits]
[ Bank == rom ]

Area                       Addr        Size        Decimal Bytes (Attributes)
--------------------       ----        ----        ------- ----- ------------
.text                      001E        3512 =       13586. bytes (REL,CON,CSEG)

         Value  Global                             Global Defined In Module
         -----  --------------------------------   ------------------------
          050A  _instrument9hyperspeed             hyperspeedaks
          050C  _instrument9loophyperspeed         hyperspeedaks
          0514  _instrument10hyperspeed            hyperspeedaks
          0516  _instrument10loophyperspeed        hyperspeedaks
          051E  _linkerhyperspeed                  hyperspeedaks
          0524  _pattern0Definitionhyperspeed      hyperspeedaks
          052B  _pattern1Definitionhyperspeed      hyperspeedaks
          0533  _pattern2Definitionhyperspeed      hyperspeedaks
          053A  _pattern3Definitionhyperspeed      hyperspeedaks
          0541  _pattern4Definitionhyperspeed      hyperspeedaks
          0548  _pattern5Definitionhyperspeed      hyperspeedaks
          054F  _pattern6Definitionhyperspeed      hyperspeedaks
          0556  _pattern7Definitionhyperspeed      hyperspeedaks
          055D  _pattern8Definitionhyperspeed      hyperspeedaks
          0564  _pattern9Definitionhyperspeed      hyperspeedaks
          056B  _pattern10Definitionhyperspeed     hyperspeedaks
          0572  _pattern11Definitionhyperspeed     hyperspeedaks
          0579  _pattern12Definitionhyperspeed     hyperspeedaks
          0580  _pattern13Definitionhyperspeed     hyperspeedaks
          0587  _pattern14Definitionhyperspeed     hyperspeedaks
          058E  _pattern15Definitionhyperspeed     hyperspeedaks
          0595  _pattern16Definitionhyperspeed     hyperspeedaks
          059D  _pattern17Definitionhyperspeed     hyperspeedaks
          05A5  _pattern18Definitionhyperspeed     hyperspeedaks
          05AD  _pattern19Definitionhyperspeed     hyperspeedaks
          05B4  _pattern20Definitionhyperspeed     hyperspeedaks
          05B7  _specialtrackDef0hyperspeed        hyperspeedaks
          05B9  _trackDef0hyperspeed               hyperspeedaks
          05DC  _trackDef1hyperspeed               hyperspeedaks
          068F  _trackDef6hyperspeed               hyperspeedaks
          0726  _trackDef13hyperspeed              hyperspeedaks
          07BD  _trackDef16hyperspeed              hyperspeedaks
          0854  _trackDef3hyperspeed               hyperspeedaks
          08F8  _trackDef4hyperspeed               hyperspeedaks
          0946  _trackDef7hyperspeed               hyperspeedaks
          0986  _trackDef10hyperspeed              hyperspeedaks
          09B6  _trackDef14hyperspeed              hyperspeedaks
          09FC  _trackDef38hyperspeed              hyperspeedaks
          0A10  _trackDef24hyperspeed              hyperspeedaks
          0A42  _trackDef30hyperspeed              hyperspeedaks
          0A8A  _trackDef15hyperspeed              hyperspeedaks
          0AE1  _trackDef17hyperspeed              hyperspeedaks
          0B34  _trackDef20hyperspeed              hyperspeedaks
          0B8E  _trackDef2hyperspeed               hyperspeedaks
          0BB1  _trackDef5hyperspeed               hyperspeedaks
          0C06  _trackDef8hyperspeed               hyperspeedaks
          0C6A  _trackDef12hyperspeed              hyperspeedaks
          0CD1  _trackDef27hyperspeed              hyperspeedaks
          0D3B  _trackDef31hyperspeed              hyperspeedaks
          0D96  _trackDef33hyperspeed              hyperspeedaks
ASxxxx Linker V05.00,  page 7.
Hexidecimal  [16-Bits]
[ Bank == rom ]

Area                       Addr        Size        Decimal Bytes (Attributes)
--------------------       ----        ----        ------- ----- ------------
.text                      001E        3512 =       13586. bytes (REL,CON,CSEG)

         Value  Global                             Global Defined In Module
         -----  --------------------------------   ------------------------
          0DD3  _trackDef36hyperspeed              hyperspeedaks
          0E33  _trackDef22hyperspeed              hyperspeedaks
          0E3E  _trackDef25hyperspeed              hyperspeedaks
          0E4C  _randomUintTable                   main.c
          0F4C  _randomIntTable                    main.c
          104C  A$main$551                         main.c
          104C  _shuffleRandom                     main.c
          104F  A$main$552                         main.c
          1050  A$main$553                         main.c
          1053  A$main$554                         main.c
          1054  _getRandom                         main.c
          1054  A$main$557                         main.c
          1057  A$main$558                         main.c
          1058  A$main$559                         main.c
          105B  A$main$560                         main.c
          105E  A$main$561                         main.c
          105F  A$main$562                         main.c
          1061  A$main$563                         main.c
          1065  A$main$564                         main.c
          1066  A$main$567                         main.c
          1066  _getRandomInt                      main.c
          1069  A$main$568                         main.c
          106A  A$main$569                         main.c
          106D  A$main$570                         main.c
          1070  A$main$571                         main.c
          1071  A$main$572                         main.c
          1073  A$main$573                         main.c
          1077  A$main$574                         main.c
          1078  _getRandomFlip                     main.c
          1078  A$main$577                         main.c
          107A  A$main$578                         main.c
          107D  A$main$579                         main.c
          107E  A$main$580                         main.c
          1081  A$main$581                         main.c
          1084  A$main$582                         main.c
          1085  A$main$583                         main.c
          1087  A$main$584                         main.c
          108B  A$main$585                         main.c
          108C  A$main$586                         main.c
          108E  A$main$587                         main.c
          1090  A$main$588                         main.c
          1092  A$main$589                         main.c
          1094  A$main$591                         main.c
          1096  A$main$593                         main.c
          1098  A$main$594                         main.c
          109A  A$main$595                         main.c
          109B  _sock                              main.c
          1180  _hyperSpeedTitle                   main.c
          1250  _gateDiamond                       main.c
          1260  _gateHex                           main.c
ASxxxx Linker V05.00,  page 8.
Hexidecimal  [16-Bits]
[ Bank == rom ]

Area                       Addr        Size        Decimal Bytes (Attributes)
--------------------       ----        ----        ------- ----- ------------
.text                      001E        3512 =       13586. bytes (REL,CON,CSEG)

         Value  Global                             Global Defined In Module
         -----  --------------------------------   ------------------------
          1276  _gateTriangle                      main.c
          128C  _gateSquare                        main.c
          12A8  _player                            main.c
          12C1  _blackbird                         main.c
          131C  _burner                            main.c
          1374  _gataCount                         main.c
          1375  _gateSizeHalf                      main.c
          1376  _gateSizeQuater                    main.c
          1377  _gateSizeCenter                    main.c
          1378  _scorePosX                         main.c
          1379  _scorePosY                         main.c
          137A  _speed                             main.c
          137B  _setupGate                         main.c
          137B  A$main$1434                        main.c
          137D  A$main$1435                        main.c
          1380  A$main$1436                        main.c
          1383  A$main$1437                        main.c
          1386  A$main$1438                        main.c
          1389  A$main$1439                        main.c
          138A  A$main$1440                        main.c
          138C  A$main$1441                        main.c
          138F  A$main$1442                        main.c
          1392  A$main$1443                        main.c
          1394  A$main$1445                        main.c
          1397  A$main$1446                        main.c
          1399  A$main$1447                        main.c
          139B  A$main$1448                        main.c
          139C  A$main$1449                        main.c
          139F  A$main$1451                        main.c
          13A2  A$main$1452                        main.c
          13A3  A$main$1453                        main.c
          13A5  A$main$1454                        main.c
          13A8  A$main$1455                        main.c
          13AB  A$main$1456                        main.c
          13AC  A$main$1457                        main.c
          13AD  A$main$1458                        main.c
          13B0  A$main$1459                        main.c
          13B3  A$main$1460                        main.c
          13B5  A$main$1461                        main.c
          13B8  A$main$1462                        main.c
          13BB  A$main$1463                        main.c
          13BC  A$main$1464                        main.c
          13BD  A$main$1465                        main.c
          13C0  A$main$1466                        main.c
          13C3  A$main$1467                        main.c
          13C7  A$main$1468                        main.c
          13CA  A$main$1469                        main.c
          13CC  A$main$1470                        main.c
          13CF  A$main$1471                        main.c
          13D2  A$main$1472                        main.c
ASxxxx Linker V05.00,  page 9.
Hexidecimal  [16-Bits]
[ Bank == rom ]

Area                       Addr        Size        Decimal Bytes (Attributes)
--------------------       ----        ----        ------- ----- ------------
.text                      001E        3512 =       13586. bytes (REL,CON,CSEG)

         Value  Global                             Global Defined In Module
         -----  --------------------------------   ------------------------
          13D5  A$main$1473                        main.c
          13D6  A$main$1474                        main.c
          13D8  A$main$1475                        main.c
          13DB  A$main$1476                        main.c
          13DE  A$main$1477                        main.c
          13E0  A$main$1479                        main.c
          13E3  A$main$1480                        main.c
          13E5  A$main$1481                        main.c
          13E7  A$main$1482                        main.c
          13E8  A$main$1483                        main.c
          13EB  A$main$1485                        main.c
          13EE  A$main$1486                        main.c
          13EF  A$main$1487                        main.c
          13F1  A$main$1488                        main.c
          13F4  A$main$1489                        main.c
          13F7  A$main$1490                        main.c
          13F8  A$main$1491                        main.c
          13F9  A$main$1492                        main.c
          13FC  A$main$1493                        main.c
          13FF  A$main$1494                        main.c
          1401  A$main$1495                        main.c
          1404  A$main$1496                        main.c
          1407  A$main$1497                        main.c
          140A  A$main$1498                        main.c
          140B  A$main$1499                        main.c
          140C  A$main$1500                        main.c
          140F  A$main$1501                        main.c
          1411  A$main$1502                        main.c
          1414  A$main$1503                        main.c
          1416  A$main$1504                        main.c
          1419  A$main$1505                        main.c
          141A  A$main$1506                        main.c
          141C  A$main$1507                        main.c
          141F  A$main$1508                        main.c
          1422  A$main$1509                        main.c
          1423  A$main$1510                        main.c
          1424  A$main$1511                        main.c
          1427  A$main$1512                        main.c
          142A  A$main$1513                        main.c
          142C  A$main$1514                        main.c
          142F  A$main$1515                        main.c
          1432  A$main$1516                        main.c
          1433  A$main$1517                        main.c
          1434  A$main$1518                        main.c
          1437  A$main$1519                        main.c
          143A  A$main$1520                        main.c
          143E  A$main$1521                        main.c
          1440  A$main$1522                        main.c
          1441  A$main$1523                        main.c
          1445  A$main$1524                        main.c
ASxxxx Linker V05.00,  page 10.
Hexidecimal  [16-Bits]
[ Bank == rom ]

Area                       Addr        Size        Decimal Bytes (Attributes)
--------------------       ----        ----        ------- ----- ------------
.text                      001E        3512 =       13586. bytes (REL,CON,CSEG)

         Value  Global                             Global Defined In Module
         -----  --------------------------------   ------------------------
          1448  A$main$1525                        main.c
          1449  A$main$1526                        main.c
          144B  A$main$1527                        main.c
          144E  A$main$1528                        main.c
          1451  A$main$1529                        main.c
          1452  A$main$1530                        main.c
          1453  A$main$1531                        main.c
          1456  A$main$1532                        main.c
          1459  A$main$1533                        main.c
          145B  A$main$1534                        main.c
          145E  A$main$1535                        main.c
          1461  A$main$1536                        main.c
          1462  A$main$1537                        main.c
          1463  A$main$1538                        main.c
          1466  A$main$1539                        main.c
          1469  A$main$1540                        main.c
          146D  A$main$1541                        main.c
          146F  A$main$1542                        main.c
          1472  A$main$1543                        main.c
          1475  A$main$1544                        main.c
          1478  A$main$1545                        main.c
          1479  A$main$1546                        main.c
          147D  A$main$1547                        main.c
          1480  A$main$1548                        main.c
          1483  A$main$1549                        main.c
          1486  A$main$1550                        main.c
          1487  A$main$1551                        main.c
          1489  A$main$1552                        main.c
          148C  A$main$1553                        main.c
          148F  A$main$1554                        main.c
          1490  A$main$1555                        main.c
          1491  A$main$1556                        main.c
          1494  A$main$1557                        main.c
          1497  A$main$1558                        main.c
          1499  A$main$1559                        main.c
          149C  A$main$1560                        main.c
          149F  A$main$1561                        main.c
          14A0  A$main$1562                        main.c
          14A1  A$main$1563                        main.c
          14A4  A$main$1564                        main.c
          14A7  A$main$1565                        main.c
          14AB  A$main$1566                        main.c
          14AD  A$main$1567                        main.c
          14B0  A$main$1568                        main.c
          14B3  A$main$1569                        main.c
          14B5  A$main$1570                        main.c
          14B8  A$main$1571                        main.c
          14BA  A$main$1572                        main.c
          14BD  A$main$1573                        main.c
          14C0  A$main$1574                        main.c
ASxxxx Linker V05.00,  page 11.
Hexidecimal  [16-Bits]
[ Bank == rom ]

Area                       Addr        Size        Decimal Bytes (Attributes)
--------------------       ----        ----        ------- ----- ------------
.text                      001E        3512 =       13586. bytes (REL,CON,CSEG)

         Value  Global                             Global Defined In Module
         -----  --------------------------------   ------------------------
          14C1  A$main$1575                        main.c
          14C3  A$main$1576                        main.c
          14C6  A$main$1577                        main.c
          14C9  A$main$1578                        main.c
          14CA  A$main$1579                        main.c
          14CB  A$main$1580                        main.c
          14CE  A$main$1581                        main.c
          14D1  A$main$1582                        main.c
          14D3  A$main$1583                        main.c
          14D6  A$main$1584                        main.c
          14D9  A$main$1585                        main.c
          14DA  A$main$1586                        main.c
          14DB  A$main$1587                        main.c
          14DE  A$main$1588                        main.c
          14E1  A$main$1589                        main.c
          14E5  A$main$1590                        main.c
          14E8  A$main$1591                        main.c
          14EA  A$main$1593                        main.c
          14ED  A$main$1594                        main.c
          14EE  A$main$1595                        main.c
          14F0  A$main$1596                        main.c
          14F3  A$main$1597                        main.c
          14F6  A$main$1598                        main.c
          14F7  A$main$1599                        main.c
          14F8  A$main$1600                        main.c
          14FB  A$main$1601                        main.c
          14FE  A$main$1602                        main.c
          1500  A$main$1603                        main.c
          1503  A$main$1604                        main.c
          1506  A$main$1605                        main.c
          1507  A$main$1606                        main.c
          1508  A$main$1607                        main.c
          150B  A$main$1608                        main.c
          150E  A$main$1609                        main.c
          1512  A$main$1610                        main.c
          1514  A$main$1611                        main.c
          1515  A$main$1612                        main.c
          1519  A$main$1613                        main.c
          151C  A$main$1614                        main.c
          151D  A$main$1615                        main.c
          151F  A$main$1616                        main.c
          1522  A$main$1617                        main.c
          1525  A$main$1618                        main.c
          1526  A$main$1619                        main.c
          1527  A$main$1620                        main.c
          152A  A$main$1621                        main.c
          152D  A$main$1622                        main.c
          152F  A$main$1623                        main.c
          1532  A$main$1624                        main.c
          1535  A$main$1625                        main.c
ASxxxx Linker V05.00,  page 12.
Hexidecimal  [16-Bits]
[ Bank == rom ]

Area                       Addr        Size        Decimal Bytes (Attributes)
--------------------       ----        ----        ------- ----- ------------
.text                      001E        3512 =       13586. bytes (REL,CON,CSEG)

         Value  Global                             Global Defined In Module
         -----  --------------------------------   ------------------------
          1536  A$main$1626                        main.c
          1537  A$main$1627                        main.c
          153A  A$main$1628                        main.c
          153D  A$main$1629                        main.c
          1541  A$main$1630                        main.c
          1543  A$main$1631                        main.c
          1546  A$main$1632                        main.c
          1549  A$main$1633                        main.c
          154C  A$main$1634                        main.c
          154D  A$main$1635                        main.c
          154E  A$main$1636                        main.c
          1552  A$main$1637                        main.c
          1555  A$main$1638                        main.c
          1558  A$main$1639                        main.c
          155B  A$main$1640                        main.c
          155C  A$main$1641                        main.c
          155E  A$main$1642                        main.c
          1561  A$main$1643                        main.c
          1564  A$main$1644                        main.c
          1565  A$main$1645                        main.c
          1566  A$main$1646                        main.c
          1569  A$main$1647                        main.c
          156C  A$main$1648                        main.c
          156E  A$main$1649                        main.c
          1571  A$main$1650                        main.c
          1574  A$main$1651                        main.c
          1575  A$main$1652                        main.c
          1576  A$main$1653                        main.c
          1579  A$main$1654                        main.c
          157C  A$main$1655                        main.c
          1580  A$main$1656                        main.c
          1582  A$main$1657                        main.c
          1585  A$main$1658                        main.c
          1588  A$main$1659                        main.c
          158A  A$main$1660                        main.c
          158D  A$main$1661                        main.c
          158F  A$main$1662                        main.c
          1592  A$main$1663                        main.c
          1595  A$main$1664                        main.c
          1596  A$main$1665                        main.c
          1598  A$main$1666                        main.c
          159B  A$main$1667                        main.c
          159E  A$main$1668                        main.c
          159F  A$main$1669                        main.c
          15A0  A$main$1670                        main.c
          15A3  A$main$1671                        main.c
          15A6  A$main$1672                        main.c
          15A8  A$main$1673                        main.c
          15AB  A$main$1674                        main.c
          15AE  A$main$1675                        main.c
ASxxxx Linker V05.00,  page 13.
Hexidecimal  [16-Bits]
[ Bank == rom ]

Area                       Addr        Size        Decimal Bytes (Attributes)
--------------------       ----        ----        ------- ----- ------------
.text                      001E        3512 =       13586. bytes (REL,CON,CSEG)

         Value  Global                             Global Defined In Module
         -----  --------------------------------   ------------------------
          15AF  A$main$1676                        main.c
          15B0  A$main$1677                        main.c
          15B3  A$main$1678                        main.c
          15B6  A$main$1679                        main.c
          15BA  A$main$1680                        main.c
          15BD  A$main$1681                        main.c
          15BF  A$main$1683                        main.c
          15C2  A$main$1684                        main.c
          15C3  A$main$1685                        main.c
          15C5  A$main$1686                        main.c
          15C8  A$main$1687                        main.c
          15CB  A$main$1688                        main.c
          15CC  A$main$1689                        main.c
          15CD  A$main$1690                        main.c
          15D0  A$main$1691                        main.c
          15D3  A$main$1692                        main.c
          15D5  A$main$1693                        main.c
          15D8  A$main$1694                        main.c
          15DB  A$main$1695                        main.c
          15DE  A$main$1696                        main.c
          15DF  A$main$1697                        main.c
          15E0  A$main$1698                        main.c
          15E3  A$main$1699                        main.c
          15E5  A$main$1700                        main.c
          15E7  A$main$1701                        main.c
          15E8  A$main$1702                        main.c
          15EC  A$main$1703                        main.c
          15EF  A$main$1704                        main.c
          15F0  A$main$1705                        main.c
          15F2  A$main$1706                        main.c
          15F5  A$main$1707                        main.c
          15F8  A$main$1708                        main.c
          15F9  A$main$1709                        main.c
          15FA  A$main$1710                        main.c
          15FD  A$main$1711                        main.c
          1600  A$main$1712                        main.c
          1602  A$main$1713                        main.c
          1605  A$main$1714                        main.c
          1608  A$main$1715                        main.c
          160B  A$main$1716                        main.c
          160C  A$main$1717                        main.c
          160D  A$main$1718                        main.c
          1610  A$main$1719                        main.c
          1612  A$main$1720                        main.c
          1614  A$main$1721                        main.c
          1617  A$main$1722                        main.c
          161A  A$main$1723                        main.c
          161D  A$main$1724                        main.c
          161E  A$main$1725                        main.c
          1622  A$main$1726                        main.c
ASxxxx Linker V05.00,  page 14.
Hexidecimal  [16-Bits]
[ Bank == rom ]

Area                       Addr        Size        Decimal Bytes (Attributes)
--------------------       ----        ----        ------- ----- ------------
.text                      001E        3512 =       13586. bytes (REL,CON,CSEG)

         Value  Global                             Global Defined In Module
         -----  --------------------------------   ------------------------
          1625  A$main$1727                        main.c
          1628  A$main$1728                        main.c
          162B  A$main$1729                        main.c
          162C  A$main$1730                        main.c
          162E  A$main$1731                        main.c
          1631  A$main$1732                        main.c
          1634  A$main$1733                        main.c
          1635  A$main$1734                        main.c
          1636  A$main$1735                        main.c
          1639  A$main$1736                        main.c
          163C  A$main$1737                        main.c
          163E  A$main$1738                        main.c
          1641  A$main$1739                        main.c
          1644  A$main$1740                        main.c
          1647  A$main$1741                        main.c
          1648  A$main$1742                        main.c
          1649  A$main$1743                        main.c
          164C  A$main$1744                        main.c
          164E  A$main$1745                        main.c
          1650  A$main$1746                        main.c
          1653  A$main$1747                        main.c
          1656  A$main$1748                        main.c
          1658  A$main$1749                        main.c
          165B  A$main$1750                        main.c
          165D  A$main$1751                        main.c
          1660  A$main$1752                        main.c
          1663  A$main$1753                        main.c
          1664  A$main$1754                        main.c
          1666  A$main$1755                        main.c
          1669  A$main$1756                        main.c
          166C  A$main$1757                        main.c
          166D  A$main$1758                        main.c
          166E  A$main$1759                        main.c
          1671  A$main$1760                        main.c
          1674  A$main$1761                        main.c
          1676  A$main$1762                        main.c
          1679  A$main$1763                        main.c
          167C  A$main$1764                        main.c
          167F  A$main$1765                        main.c
          1680  A$main$1766                        main.c
          1681  A$main$1767                        main.c
          1684  A$main$1768                        main.c
          1686  A$main$1769                        main.c
          1689  A$main$1770                        main.c
          168B  A$main$1772                        main.c
          168E  A$main$1773                        main.c
          168F  A$main$1774                        main.c
          1691  A$main$1775                        main.c
          1694  A$main$1776                        main.c
          1697  A$main$1777                        main.c
ASxxxx Linker V05.00,  page 15.
Hexidecimal  [16-Bits]
[ Bank == rom ]

Area                       Addr        Size        Decimal Bytes (Attributes)
--------------------       ----        ----        ------- ----- ------------
.text                      001E        3512 =       13586. bytes (REL,CON,CSEG)

         Value  Global                             Global Defined In Module
         -----  --------------------------------   ------------------------
          1698  A$main$1778                        main.c
          1699  A$main$1779                        main.c
          169C  A$main$1780                        main.c
          169F  A$main$1781                        main.c
          16A1  A$main$1782                        main.c
          16A4  A$main$1783                        main.c
          16A7  A$main$1784                        main.c
          16AA  A$main$1785                        main.c
          16AB  A$main$1786                        main.c
          16AC  A$main$1787                        main.c
          16AF  A$main$1788                        main.c
          16B1  A$main$1789                        main.c
          16B3  A$main$1790                        main.c
          16B4  A$main$1791                        main.c
          16B8  A$main$1792                        main.c
          16BB  A$main$1793                        main.c
          16BC  A$main$1794                        main.c
          16BE  A$main$1795                        main.c
          16C1  A$main$1796                        main.c
          16C4  A$main$1797                        main.c
          16C5  A$main$1798                        main.c
          16C6  A$main$1799                        main.c
          16C9  A$main$1800                        main.c
          16CC  A$main$1801                        main.c
          16CE  A$main$1802                        main.c
          16D1  A$main$1803                        main.c
          16D4  A$main$1804                        main.c
          16D7  A$main$1805                        main.c
          16D8  A$main$1806                        main.c
          16D9  A$main$1807                        main.c
          16DC  A$main$1808                        main.c
          16DE  A$main$1809                        main.c
          16E0  A$main$1810                        main.c
          16E3  A$main$1811                        main.c
          16E6  A$main$1812                        main.c
          16E9  A$main$1813                        main.c
          16EA  A$main$1814                        main.c
          16EB  A$main$1815                        main.c
          16EF  A$main$1816                        main.c
          16F2  A$main$1817                        main.c
          16F5  A$main$1818                        main.c
          16F8  A$main$1819                        main.c
          16F9  A$main$1820                        main.c
          16FB  A$main$1821                        main.c
          16FE  A$main$1822                        main.c
          1701  A$main$1823                        main.c
          1702  A$main$1824                        main.c
          1703  A$main$1825                        main.c
          1706  A$main$1826                        main.c
          1709  A$main$1827                        main.c
ASxxxx Linker V05.00,  page 16.
Hexidecimal  [16-Bits]
[ Bank == rom ]

Area                       Addr        Size        Decimal Bytes (Attributes)
--------------------       ----        ----        ------- ----- ------------
.text                      001E        3512 =       13586. bytes (REL,CON,CSEG)

         Value  Global                             Global Defined In Module
         -----  --------------------------------   ------------------------
          170B  A$main$1828                        main.c
          170E  A$main$1829                        main.c
          1711  A$main$1830                        main.c
          1714  A$main$1831                        main.c
          1715  A$main$1832                        main.c
          1716  A$main$1833                        main.c
          1719  A$main$1834                        main.c
          171B  A$main$1835                        main.c
          171D  A$main$1836                        main.c
          1720  A$main$1837                        main.c
          1723  A$main$1838                        main.c
          1725  A$main$1839                        main.c
          1728  A$main$1840                        main.c
          172A  A$main$1841                        main.c
          172D  A$main$1842                        main.c
          1730  A$main$1843                        main.c
          1731  A$main$1844                        main.c
          1733  A$main$1845                        main.c
          1736  A$main$1846                        main.c
          1739  A$main$1847                        main.c
          173A  A$main$1848                        main.c
          173B  A$main$1849                        main.c
          173E  A$main$1850                        main.c
          1741  A$main$1851                        main.c
          1743  A$main$1852                        main.c
          1746  A$main$1853                        main.c
          1749  A$main$1854                        main.c
          174C  A$main$1855                        main.c
          174D  A$main$1856                        main.c
          174E  A$main$1857                        main.c
          1751  A$main$1858                        main.c
          1753  A$main$1859                        main.c
          1756  A$main$1860                        main.c
          1758  A$main$1862                        main.c
          175B  A$main$1863                        main.c
          175C  A$main$1864                        main.c
          175E  A$main$1865                        main.c
          1760  A$main$1866                        main.c
          1762  A$main$1867                        main.c
          1763  A$main$1868                        main.c
          1764  A$main$1869                        main.c
          1766  A$main$1870                        main.c
          1768  A$main$1871                        main.c
          176A  A$main$1872                        main.c
          176C  A$main$1873                        main.c
          176E  A$main$1874                        main.c
          176F  A$main$1875                        main.c
          1770  A$main$1876                        main.c
          1772  A$main$1877                        main.c
          1774  A$main$1878                        main.c
ASxxxx Linker V05.00,  page 17.
Hexidecimal  [16-Bits]
[ Bank == rom ]

Area                       Addr        Size        Decimal Bytes (Attributes)
--------------------       ----        ----        ------- ----- ------------
.text                      001E        3512 =       13586. bytes (REL,CON,CSEG)

         Value  Global                             Global Defined In Module
         -----  --------------------------------   ------------------------
          1778  A$main$1879                        main.c
          177A  A$main$1880                        main.c
          177D  A$main$1881                        main.c
          177E  A$main$1882                        main.c
          1780  A$main$1883                        main.c
          1782  A$main$1884                        main.c
          1784  A$main$1885                        main.c
          1785  A$main$1886                        main.c
          1786  A$main$1887                        main.c
          1788  A$main$1888                        main.c
          178A  A$main$1889                        main.c
          178C  A$main$1890                        main.c
          178E  A$main$1891                        main.c
          1790  A$main$1892                        main.c
          1791  A$main$1893                        main.c
          1792  A$main$1894                        main.c
          1794  A$main$1895                        main.c
          1796  A$main$1896                        main.c
          179A  A$main$1897                        main.c
          179C  A$main$1898                        main.c
          179F  A$main$1899                        main.c
          17A0  A$main$1900                        main.c
          17A2  A$main$1901                        main.c
          17A4  A$main$1902                        main.c
          17A6  A$main$1903                        main.c
          17A7  A$main$1904                        main.c
          17A8  A$main$1905                        main.c
          17AA  A$main$1906                        main.c
          17AC  A$main$1907                        main.c
          17AE  A$main$1908                        main.c
          17B0  A$main$1909                        main.c
          17B2  A$main$1910                        main.c
          17B3  A$main$1911                        main.c
          17B4  A$main$1912                        main.c
          17B6  A$main$1913                        main.c
          17B8  A$main$1914                        main.c
          17BC  A$main$1915                        main.c
          17BE  A$main$1916                        main.c
          17C1  A$main$1917                        main.c
          17C3  A$main$1918                        main.c
          17C5  A$main$1919                        main.c
          17C8  A$main$1920                        main.c
          17C9  A$main$1921                        main.c
          17CB  A$main$1922                        main.c
          17CD  A$main$1923                        main.c
          17CF  A$main$1924                        main.c
          17D0  A$main$1925                        main.c
          17D1  A$main$1926                        main.c
          17D3  A$main$1927                        main.c
          17D5  A$main$1928                        main.c
ASxxxx Linker V05.00,  page 18.
Hexidecimal  [16-Bits]
[ Bank == rom ]

Area                       Addr        Size        Decimal Bytes (Attributes)
--------------------       ----        ----        ------- ----- ------------
.text                      001E        3512 =       13586. bytes (REL,CON,CSEG)

         Value  Global                             Global Defined In Module
         -----  --------------------------------   ------------------------
          17D7  A$main$1929                        main.c
          17D9  A$main$1930                        main.c
          17DB  A$main$1931                        main.c
          17DC  A$main$1932                        main.c
          17DD  A$main$1933                        main.c
          17DF  A$main$1934                        main.c
          17E1  A$main$1935                        main.c
          17E5  A$main$1936                        main.c
          17E7  A$main$1937                        main.c
          17EA  A$main$1939                        main.c
          17ED  A$main$1940                        main.c
          17EF  A$main$1941                        main.c
          17F1  A$main$1942                        main.c
          17F4  A$main$1943                        main.c
          17F5  A$main$1944                        main.c
          17F7  A$main$1945                        main.c
          17F9  A$main$1946                        main.c
          17FB  A$main$1947                        main.c
          17FC  A$main$1948                        main.c
          17FD  A$main$1949                        main.c
          17FF  A$main$1950                        main.c
          1801  A$main$1951                        main.c
          1803  A$main$1952                        main.c
          1805  A$main$1953                        main.c
          1807  A$main$1954                        main.c
          1808  A$main$1955                        main.c
          1809  A$main$1956                        main.c
          180B  A$main$1957                        main.c
          180D  A$main$1958                        main.c
          1811  A$main$1959                        main.c
          1813  A$main$1960                        main.c
          1815  A$main$1961                        main.c
          1818  A$main$1963                        main.c
          181B  A$main$1964                        main.c
          181D  A$main$1965                        main.c
          181F  A$main$1966                        main.c
          1822  A$main$1967                        main.c
          1823  A$main$1968                        main.c
          1825  A$main$1969                        main.c
          1827  A$main$1970                        main.c
          1829  A$main$1971                        main.c
          182A  A$main$1972                        main.c
          182B  A$main$1973                        main.c
          182D  A$main$1974                        main.c
          182F  A$main$1975                        main.c
          1831  A$main$1976                        main.c
          1833  A$main$1977                        main.c
          1835  A$main$1978                        main.c
          1836  A$main$1979                        main.c
          1837  A$main$1980                        main.c
ASxxxx Linker V05.00,  page 19.
Hexidecimal  [16-Bits]
[ Bank == rom ]

Area                       Addr        Size        Decimal Bytes (Attributes)
--------------------       ----        ----        ------- ----- ------------
.text                      001E        3512 =       13586. bytes (REL,CON,CSEG)

         Value  Global                             Global Defined In Module
         -----  --------------------------------   ------------------------
          1839  A$main$1981                        main.c
          183B  A$main$1982                        main.c
          183F  A$main$1983                        main.c
          1841  A$main$1984                        main.c
          1843  A$main$1985                        main.c
          1845  A$main$1987                        main.c
          1848  A$main$1988                        main.c
          184A  A$main$1989                        main.c
          184C  A$main$1990                        main.c
          184F  A$main$1991                        main.c
          1850  A$main$1992                        main.c
          1852  A$main$1993                        main.c
          1854  A$main$1994                        main.c
          1856  A$main$1995                        main.c
          1857  A$main$1996                        main.c
          1858  A$main$1997                        main.c
          185A  A$main$1998                        main.c
          185C  A$main$1999                        main.c
          185E  A$main$2000                        main.c
          1860  A$main$2001                        main.c
          1862  A$main$2002                        main.c
          1863  A$main$2003                        main.c
          1864  A$main$2004                        main.c
          1866  A$main$2005                        main.c
          1868  A$main$2006                        main.c
          186C  A$main$2007                        main.c
          186E  A$main$2008                        main.c
          1870  A$main$2009                        main.c
          1872  A$main$2011                        main.c
          1875  A$main$2012                        main.c
          1876  A$main$2013                        main.c
          1878  A$main$2014                        main.c
          187A  A$main$2015                        main.c
          187C  A$main$2016                        main.c
          187D  A$main$2017                        main.c
          187E  A$main$2018                        main.c
          1880  A$main$2019                        main.c
          1882  A$main$2020                        main.c
          1884  A$main$2021                        main.c
          1886  A$main$2022                        main.c
          1888  A$main$2023                        main.c
          1889  A$main$2024                        main.c
          188A  A$main$2025                        main.c
          188C  A$main$2026                        main.c
          188E  A$main$2027                        main.c
          1892  A$main$2028                        main.c
          1894  A$main$2030                        main.c
          1897  A$main$2031                        main.c
          1898  A$main$2032                        main.c
          189B  A$main$2033                        main.c
ASxxxx Linker V05.00,  page 20.
Hexidecimal  [16-Bits]
[ Bank == rom ]

Area                       Addr        Size        Decimal Bytes (Attributes)
--------------------       ----        ----        ------- ----- ------------
.text                      001E        3512 =       13586. bytes (REL,CON,CSEG)

         Value  Global                             Global Defined In Module
         -----  --------------------------------   ------------------------
          189E  A$main$2034                        main.c
          18A1  A$main$2035                        main.c
          18A4  A$main$2036                        main.c
          18A7  A$main$2037                        main.c
          18A9  A$main$2038                        main.c
          18AC  A$main$2039                        main.c
          18AE  A$main$2040                        main.c
          18B0  A$main$2041                        main.c
          18B2  A$main$2042                        main.c
          18B5  A$main$2043                        main.c
          18B7  A$main$2045                        main.c
          18BA  A$main$2046                        main.c
          18BC  A$main$2047                        main.c
          18BE  A$main$2048                        main.c
          18C0  A$main$2049                        main.c
          18C3  A$main$2050                        main.c
          18C5  A$main$2052                        main.c
          18C8  A$main$2053                        main.c
          18CA  A$main$2054                        main.c
          18CC  A$main$2055                        main.c
          18CE  A$main$2056                        main.c
          18D1  A$main$2057                        main.c
          18D3  A$main$2059                        main.c
          18D6  A$main$2060                        main.c
          18D8  A$main$2061                        main.c
          18DA  A$main$2062                        main.c
          18DC  A$main$2063                        main.c
          18DF  A$main$2064                        main.c
          18E1  A$main$2066                        main.c
          18E3  A$main$2067                        main.c
          18E6  A$main$2069                        main.c
          18E9  A$main$2070                        main.c
          18EA  A$main$2071                        main.c
          18ED  A$main$2072                        main.c
          18F0  A$main$2073                        main.c
          18F3  A$main$2074                        main.c
          18F5  A$main$2075                        main.c
          18F7  A$main$2076                        main.c
          18FA  A$main$2077                        main.c
          18FB  A$main$2078                        main.c
          18FE  A$main$2080                        main.c
          1901  A$main$2081                        main.c
          193D  _main                              main.c
          193D  A$main$2108                        main.c
          193F  A$main$2109                        main.c
          1943  A$main$2110                        main.c
          1946  A$main$2111                        main.c
          1949  A$main$2112                        main.c
          194C  A$main$2114                        main.c
          194F  A$main$2115                        main.c
ASxxxx Linker V05.00,  page 21.
Hexidecimal  [16-Bits]
[ Bank == rom ]

Area                       Addr        Size        Decimal Bytes (Attributes)
--------------------       ----        ----        ------- ----- ------------
.text                      001E        3512 =       13586. bytes (REL,CON,CSEG)

         Value  Global                             Global Defined In Module
         -----  --------------------------------   ------------------------
          1952  A$main$2116                        main.c
          1953  A$main$2117                        main.c
          1955  A$main$2118                        main.c
          1958  A$main$2119                        main.c
          195B  A$main$2120                        main.c
          195C  A$main$2121                        main.c
          195D  A$main$2122                        main.c
          1960  A$main$2123                        main.c
          1963  A$main$2124                        main.c
          1965  A$main$2125                        main.c
          1968  A$main$2126                        main.c
          196B  A$main$2127                        main.c
          196C  A$main$2128                        main.c
          196D  A$main$2129                        main.c
          1970  A$main$2130                        main.c
          1974  A$main$2131                        main.c
          1978  A$main$2132                        main.c
          197A  A$main$2133                        main.c
          197C  A$main$2134                        main.c
          197F  A$main$2135                        main.c
          1982  A$main$2136                        main.c
          1985  A$main$2137                        main.c
          1987  A$main$2138                        main.c
          1988  A$main$2139                        main.c
          198B  A$main$2140                        main.c
          198E  A$main$2141                        main.c
          198F  A$main$2142                        main.c
          1991  A$main$2143                        main.c
          1994  A$main$2144                        main.c
          1997  A$main$2145                        main.c
          1998  A$main$2146                        main.c
          1999  A$main$2147                        main.c
          199C  A$main$2148                        main.c
          199F  A$main$2149                        main.c
          19A1  A$main$2150                        main.c
          19A4  A$main$2151                        main.c
          19A7  A$main$2152                        main.c
          19A8  A$main$2153                        main.c
          19A9  A$main$2154                        main.c
          19AC  A$main$2155                        main.c
          19B0  A$main$2156                        main.c
          19B4  A$main$2157                        main.c
          19B7  A$main$2158                        main.c
          19B9  A$main$2159                        main.c
          19BC  A$main$2160                        main.c
          19BD  A$main$2161                        main.c
          19C0  A$main$2162                        main.c
          19C3  A$main$2163                        main.c
          19C4  A$main$2164                        main.c
          19C7  A$main$2166                        main.c
ASxxxx Linker V05.00,  page 22.
Hexidecimal  [16-Bits]
[ Bank == rom ]

Area                       Addr        Size        Decimal Bytes (Attributes)
--------------------       ----        ----        ------- ----- ------------
.text                      001E        3512 =       13586. bytes (REL,CON,CSEG)

         Value  Global                             Global Defined In Module
         -----  --------------------------------   ------------------------
          19CA  A$main$2167                        main.c
          19CD  A$main$2168                        main.c
          19D0  A$main$2169                        main.c
          19D3  A$main$2170                        main.c
          19D7  A$main$2171                        main.c
          19DA  A$main$2172                        main.c
          19DD  A$main$2173                        main.c
          19E0  A$main$2174                        main.c
          19E4  A$main$2177                        main.c
          19E8  A$main$2178                        main.c
          19EB  A$main$2182                        main.c
          19EE  A$main$2183                        main.c
          19F1  A$main$2186                        main.c
          19F4  A$main$2189                        main.c
          19F7  A$main$2190                        main.c
          19FA  A$main$2191                        main.c
          19FC  A$main$2192                        main.c
          19FF  A$main$2193                        main.c
          1A02  A$main$2194                        main.c
          1A03  A$main$2195                        main.c
          1A05  A$main$2196                        main.c
          1A08  A$main$2197                        main.c
          1A0A  A$main$2198                        main.c
          1A0D  A$main$2199                        main.c
          1A0F  A$main$2201                        main.c
          1A12  A$main$2202                        main.c
          1A13  A$main$2203                        main.c
          1A15  A$main$2204                        main.c
          1A18  A$main$2205                        main.c
          1A1A  A$main$2206                        main.c
          1A1D  A$main$2208                        main.c
          1A20  A$main$2209                        main.c
          1A22  A$main$2210                        main.c
          1A24  A$main$2211                        main.c
          1A26  A$main$2212                        main.c
          1A29  A$main$2214                        main.c
          1A2B  A$main$2215                        main.c
          1A2E  A$main$2216                        main.c
          1A31  A$main$2217                        main.c
          1A34  A$main$2218                        main.c
          1A37  A$main$2219                        main.c
          1A3A  A$main$2221                        main.c
          1A3E  A$main$2222                        main.c
          1A41  A$main$2223                        main.c
          1A43  A$main$2224                        main.c
          1A45  A$main$2225                        main.c
          1A48  A$main$2226                        main.c
          1A4A  A$main$2227                        main.c
          1A4E  A$main$2228                        main.c
          1A52  A$main$2229                        main.c
ASxxxx Linker V05.00,  page 23.
Hexidecimal  [16-Bits]
[ Bank == rom ]

Area                       Addr        Size        Decimal Bytes (Attributes)
--------------------       ----        ----        ------- ----- ------------
.text                      001E        3512 =       13586. bytes (REL,CON,CSEG)

         Value  Global                             Global Defined In Module
         -----  --------------------------------   ------------------------
          1A55  A$main$2230                        main.c
          1A57  A$main$2231                        main.c
          1A59  A$main$2232                        main.c
          1A5C  A$main$2233                        main.c
          1A5E  A$main$2234                        main.c
          1A61  A$main$2235                        main.c
          1A65  A$main$2236                        main.c
          1A68  A$main$2237                        main.c
          1A6A  A$main$2238                        main.c
          1A6D  A$main$2239                        main.c
          1A6F  A$main$2240                        main.c
          1A70  A$main$2241                        main.c
          1A73  A$main$2242                        main.c
          1A76  A$main$2243                        main.c
          1A78  A$main$2244                        main.c
          1A7B  A$main$2245                        main.c
          1A7D  A$main$2246                        main.c
          1A80  A$main$2247                        main.c
          1A83  A$main$2248                        main.c
          1A87  A$main$2249                        main.c
          1A8A  A$main$2250                        main.c
          1A8E  A$main$2251                        main.c
          1A92  A$main$2252                        main.c
          1A94  A$main$2253                        main.c
          1A97  A$main$2254                        main.c
          1A9B  A$main$2255                        main.c
          1A9E  A$main$2256                        main.c
          1AA0  A$main$2257                        main.c
          1AA3  A$main$2259                        main.c
          1AA7  A$main$2260                        main.c
          1AAA  A$main$2261                        main.c
          1AAC  A$main$2262                        main.c
          1AAF  A$main$2263                        main.c
          1AB1  A$main$2264                        main.c
          1AB2  A$main$2265                        main.c
          1AB5  A$main$2266                        main.c
          1AB8  A$main$2267                        main.c
          1ABA  A$main$2268                        main.c
          1ABD  A$main$2269                        main.c
          1ABF  A$main$2270                        main.c
          1AC2  A$main$2271                        main.c
          1AC5  A$main$2272                        main.c
          1AC9  A$main$2273                        main.c
          1ACC  A$main$2274                        main.c
          1AD0  A$main$2275                        main.c
          1AD4  A$main$2276                        main.c
          1AD6  A$main$2277                        main.c
          1AD9  A$main$2278                        main.c
          1ADD  A$main$2279                        main.c
          1AE0  A$main$2280                        main.c
ASxxxx Linker V05.00,  page 24.
Hexidecimal  [16-Bits]
[ Bank == rom ]

Area                       Addr        Size        Decimal Bytes (Attributes)
--------------------       ----        ----        ------- ----- ------------
.text                      001E        3512 =       13586. bytes (REL,CON,CSEG)

         Value  Global                             Global Defined In Module
         -----  --------------------------------   ------------------------
          1AE2  A$main$2281                        main.c
          1AE5  A$main$2283                        main.c
          1AE9  A$main$2284                        main.c
          1AEC  A$main$2285                        main.c
          1AEE  A$main$2286                        main.c
          1AF1  A$main$2287                        main.c
          1AF3  A$main$2288                        main.c
          1AF4  A$main$2289                        main.c
          1AF7  A$main$2290                        main.c
          1AFA  A$main$2291                        main.c
          1AFC  A$main$2292                        main.c
          1AFF  A$main$2293                        main.c
          1B01  A$main$2294                        main.c
          1B04  A$main$2295                        main.c
          1B07  A$main$2296                        main.c
          1B0B  A$main$2297                        main.c
          1B0E  A$main$2298                        main.c
          1B12  A$main$2299                        main.c
          1B16  A$main$2300                        main.c
          1B18  A$main$2301                        main.c
          1B1B  A$main$2302                        main.c
          1B1F  A$main$2303                        main.c
          1B22  A$main$2304                        main.c
          1B24  A$main$2305                        main.c
          1B27  A$main$2307                        main.c
          1B2B  A$main$2308                        main.c
          1B2E  A$main$2309                        main.c
          1B30  A$main$2310                        main.c
          1B33  A$main$2311                        main.c
          1B35  A$main$2312                        main.c
          1B36  A$main$2313                        main.c
          1B39  A$main$2314                        main.c
          1B3C  A$main$2315                        main.c
          1B3E  A$main$2316                        main.c
          1B41  A$main$2317                        main.c
          1B43  A$main$2318                        main.c
          1B46  A$main$2319                        main.c
          1B49  A$main$2320                        main.c
          1B4D  A$main$2321                        main.c
          1B50  A$main$2322                        main.c
          1B54  A$main$2323                        main.c
          1B58  A$main$2324                        main.c
          1B5A  A$main$2325                        main.c
          1B5D  A$main$2326                        main.c
          1B61  A$main$2327                        main.c
          1B64  A$main$2328                        main.c
          1B66  A$main$2329                        main.c
          1B69  A$main$2331                        main.c
          1B6D  A$main$2332                        main.c
          1B70  A$main$2333                        main.c
ASxxxx Linker V05.00,  page 25.
Hexidecimal  [16-Bits]
[ Bank == rom ]

Area                       Addr        Size        Decimal Bytes (Attributes)
--------------------       ----        ----        ------- ----- ------------
.text                      001E        3512 =       13586. bytes (REL,CON,CSEG)

         Value  Global                             Global Defined In Module
         -----  --------------------------------   ------------------------
          1B72  A$main$2334                        main.c
          1B75  A$main$2335                        main.c
          1B77  A$main$2336                        main.c
          1B78  A$main$2337                        main.c
          1B7B  A$main$2338                        main.c
          1B7E  A$main$2339                        main.c
          1B80  A$main$2340                        main.c
          1B83  A$main$2341                        main.c
          1B85  A$main$2342                        main.c
          1B88  A$main$2343                        main.c
          1B8B  A$main$2344                        main.c
          1B8F  A$main$2345                        main.c
          1B92  A$main$2346                        main.c
          1B96  A$main$2347                        main.c
          1B9A  A$main$2348                        main.c
          1B9C  A$main$2349                        main.c
          1B9F  A$main$2350                        main.c
          1BA3  A$main$2351                        main.c
          1BA6  A$main$2352                        main.c
          1BA8  A$main$2353                        main.c
          1BAB  A$main$2355                        main.c
          1BAF  A$main$2356                        main.c
          1BB2  A$main$2357                        main.c
          1BB4  A$main$2358                        main.c
          1BB7  A$main$2359                        main.c
          1BB9  A$main$2360                        main.c
          1BBA  A$main$2361                        main.c
          1BBD  A$main$2362                        main.c
          1BC0  A$main$2363                        main.c
          1BC2  A$main$2364                        main.c
          1BC5  A$main$2365                        main.c
          1BC7  A$main$2366                        main.c
          1BCA  A$main$2367                        main.c
          1BCD  A$main$2368                        main.c
          1BD1  A$main$2369                        main.c
          1BD4  A$main$2370                        main.c
          1BD8  A$main$2371                        main.c
          1BDC  A$main$2372                        main.c
          1BDE  A$main$2373                        main.c
          1BE1  A$main$2374                        main.c
          1BE5  A$main$2375                        main.c
          1BE8  A$main$2376                        main.c
          1BEA  A$main$2377                        main.c
          1BED  A$main$2379                        main.c
          1BF1  A$main$2380                        main.c
          1BF4  A$main$2381                        main.c
          1BF6  A$main$2382                        main.c
          1BF9  A$main$2383                        main.c
          1BFB  A$main$2384                        main.c
          1BFC  A$main$2385                        main.c
ASxxxx Linker V05.00,  page 26.
Hexidecimal  [16-Bits]
[ Bank == rom ]

Area                       Addr        Size        Decimal Bytes (Attributes)
[...]
.dpff                      FF16        007A =         122. bytes (ABS,OVR,CSEG)

         Value  Global                             Global Defined In Module
         -----  --------------------------------   ------------------------
          FF16  _Vec_ADSR_FADE8                    vec_rom_0xff_0.c
          FF26  _Vec_Music_9                       vec_rom_0xff_0.c
          FF44  _Vec_Music_a                       vec_rom_0xff_0.c
          FF62  _Vec_Music_b                       vec_rom_0xff_0.c
          FF7A  _Vec_Music_c                       vec_rom_0xff_0.c
          FF8F  _Vec_Music_d                       vec_rom_0xff_0.c

ASxxxx Linker V05.00,  page 90.
Hexidecimal  [16-Bits]
[ Bank == page_e7 ]

Area                       Addr        Size        Decimal Bytes (Attributes)
--------------------       ----        ----        ------- ----- ------------
.0xe7                      E7B5        001E =          30. bytes (ABS,OVR,CSEG)

         Value  Global                             Global Defined In Module
         -----  --------------------------------   ------------------------
          E7B5  ___Displ8_xy                       vec_rum_0xe7.c
          E7D2  ___Displ16_xy                      vec_rum_0xe7.c

ASxxxx Linker V05.00,  page 91.
Hexidecimal  [16-Bits]
[ Bank == page_e9 ]

Area                       Addr        Size        Decimal Bytes (Attributes)
--------------------       ----        ----        ------- ----- ------------
.0xe9                      E98A        0002 =           2. bytes (ABS,OVR,CSEG)

         Value  Global                             Global Defined In Module
         -----  --------------------------------   ------------------------
          E98A  ___Ranpos                          vec_rum_0xe9.c

ASxxxx Linker V05.00,  page 92.
Hexidecimal  [16-Bits]
[ Bank == page_ea ]

Area                       Addr        Size        Decimal Bytes (Attributes)
--------------------       ----        ----        ------- ----- ------------
.0xea                      EA3E        00B3 =         179. bytes (ABS,OVR,CSEG)

         Value  Global                             Global Defined In Module
         -----  --------------------------------   ------------------------
          EA3E  ___Rnd_Cone                        vec_rum_0xea.c
          EA5D  ___Dot_y                           vec_rum_0xea.c
          EA6D  ___Dot_py                          vec_rum_0xea.c
          EA7F  ___Draw_Pack                       vec_rum_0xea.c
          EA8D  ___Draw_Pack_py                    vec_rum_0xea.c
          EAA8  ___Print_Msg                       vec_rum_0xea.c
          EAB4  ___Draw_Score                      vec_rum_0xea.c
          EACF  ___Draw_Scores                     vec_rum_0xea.c
          EAF0  ___Wait_Bound                      vec_rum_0xea.c

ASxxxx Linker V05.00,  page 93.
Hexidecimal  [16-Bits]
[ Bank == page_f0 ]

Area                       Addr        Size        Decimal Bytes (Attributes)
--------------------       ----        ----        ------- ----- ------------
.0xf0                      F000        0001 =           1. bytes (ABS,OVR,CSEG)

         Value  Global                             Global Defined In Module
         -----  --------------------------------   ------------------------
          F000  ___Reset                           vec_rum_0xf0.c

ASxxxx Linker V05.00,  page 94.
Hexidecimal  [16-Bits]
[ Bank == page_f1 ]

Area                       Addr        Size        Decimal Bytes (Attributes)
--------------------       ----        ----        ------- ----- ------------
.0xf1                      F14C        00AD =         173. bytes (ABS,OVR,CSEG)

         Value  Global                             Global Defined In Module
         -----  --------------------------------   ------------------------
          F14C  ___Init_VIA                        vec_rum_0xf1.c
          F164  ___Init_OS_RAM                     vec_rum_0xf1.c
          F18B  ___Init_OS                         vec_rum_0xf1.c
          F192  ___Wait_Recal                      vec_rum_0xf1.c
          F1AA  ___DP_to_D0                        vec_rum_0xf1.c
          F1AF  ___DP_to_C8                        vec_rum_0xf1.c
          F1B4  ___Read_Btns_Mask                  vec_rum_0xf1.c
          F1BA  ___Read_Btns                       vec_rum_0xf1.c
          F1F5  ___Joy_Analog                      vec_rum_0xf1.c
          F1F8  ___Joy_Digital                     vec_rum_0xf1.c

ASxxxx Linker V05.00,  page 95.
Hexidecimal  [16-Bits]
[ Bank == page_f2 ]

Area                       Addr        Size        Decimal Bytes (Attributes)
--------------------       ----        ----        ------- ----- ------------
.0xf2                      F256        00A7 =         167. bytes (ABS,OVR,CSEG)

         Value  Global                             Global Defined In Module
         -----  --------------------------------   ------------------------
          F256  ___Sound_Byte                      vec_rum_0xf2.c
          F259  ___Sound_Byte_x                    vec_rum_0xf2.c
          F272  ___Clear_Sound                     vec_rum_0xf2.c
          F27D  ___Sound_Bytes                     vec_rum_0xf2.c
          F284  ___Sound_Bytes_x                   vec_rum_0xf2.c
          F289  ___Do_Sound                        vec_rum_0xf2.c
          F28C  ___Do_Sound_x                      vec_rum_0xf2.c
          F29D  ___Intensity_1F                    vec_rum_0xf2.c
          F2A1  ___Intensity_3F                    vec_rum_0xf2.c
          F2A5  ___Intensity_5F                    vec_rum_0xf2.c
          F2A9  ___Intensity_7F                    vec_rum_0xf2.c
          F2AB  ___Intensity_a                     vec_rum_0xf2.c
          F2BE  ___Dot_ix_b                        vec_rum_0xf2.c
          F2C1  ___Dot_ix                          vec_rum_0xf2.c
          F2C3  ___Dot_d                           vec_rum_0xf2.c
          F2C5  ___Dot_here                        vec_rum_0xf2.c
          F2D5  ___Dot_List                        vec_rum_0xf2.c
          F2DE  ___Dot_List_Reset                  vec_rum_0xf2.c
          F2E6  ___Recalibrate                     vec_rum_0xf2.c
          F2F2  ___Moveto_x_7F                     vec_rum_0xf2.c
          F2FC  ___Moveto_d_7F                     vec_rum_0xf2.c

ASxxxx Linker V05.00,  page 96.
Hexidecimal  [16-Bits]
[ Bank == page_f3 ]

Area                       Addr        Size        Decimal Bytes (Attributes)
--------------------       ----        ----        ------- ----- ------------
.0xf3                      F308        00D8 =         216. bytes (ABS,OVR,CSEG)

         Value  Global                             Global Defined In Module
         -----  --------------------------------   ------------------------
          F308  ___Moveto_ix_FF                    vec_rum_0xf3.c
          F30C  ___Moveto_ix_7F                    vec_rum_0xf3.c
          F30E  ___Moveto_ix_b                     vec_rum_0xf3.c
          F310  ___Moveto_ix                       vec_rum_0xf3.c
          F312  ___Moveto_d                        vec_rum_0xf3.c
          F34A  ___Reset0Ref_D0                    vec_rum_0xf3.c
          F34F  ___Check0Ref                       vec_rum_0xf3.c
          F354  ___Reset0Ref                       vec_rum_0xf3.c
          F35B  ___Reset_Pen                       vec_rum_0xf3.c
          F36B  ___Reset0Int                       vec_rum_0xf3.c
          F373  ___Print_Str_hwyx                  vec_rum_0xf3.c
          F378  ___Print_Str_yx                    vec_rum_0xf3.c
          F37A  ___Print_Str_d                     vec_rum_0xf3.c
          F385  ___Print_List_hw                   vec_rum_0xf3.c
          F38A  ___Print_List                      vec_rum_0xf3.c
          F38C  ___Print_List_chk                  vec_rum_0xf3.c
          F391  ___Print_Ships_x                   vec_rum_0xf3.c
          F393  ___Print_Ships                     vec_rum_0xf3.c
          F3AD  ___Mov_Draw_VLc_a                  vec_rum_0xf3.c
          F3B1  ___Mov_Draw_VL_b                   vec_rum_0xf3.c
          F3B5  ___Mov_Draw_VLcs                   vec_rum_0xf3.c
          F3B7  ___Mov_Draw_VL_ab                  vec_rum_0xf3.c
          F3B9  ___Mov_Draw_VL_a                   vec_rum_0xf3.c
          F3BC  ___Mov_Draw_VL                     vec_rum_0xf3.c
          F3BE  ___Mov_Draw_VL_d                   vec_rum_0xf3.c
          F3CE  ___Draw_VLc                        vec_rum_0xf3.c
          F3D2  ___Draw_VL_b                       vec_rum_0xf3.c
          F3D6  ___Draw_VLcs                       vec_rum_0xf3.c
          F3D8  ___Draw_VL_ab                      vec_rum_0xf3.c
          F3DA  ___Draw_VL_a                       vec_rum_0xf3.c
          F3DD  ___Draw_VL                         vec_rum_0xf3.c
          F3DF  ___Draw_Line_d                     vec_rum_0xf3.c
ASxxxx Linker V05.00,  page 97.
Hexidecimal  [16-Bits]
[ Bank == page_f4 ]

Area                       Addr        Size        Decimal Bytes (Attributes)
--------------------       ----        ----        ------- ----- ------------
.0xf4                      F404        0095 =         149. bytes (ABS,OVR,CSEG)

         Value  Global                             Global Defined In Module
         -----  --------------------------------   ------------------------
          F404  ___Draw_VLp_FF                     vec_rum_0xf4.c
          F408  ___Draw_VLp_7F                     vec_rum_0xf4.c
          F40C  ___Draw_VLp_scale                  vec_rum_0xf4.c
          F40E  ___Draw_VLp_b                      vec_rum_0xf4.c
          F410  ___Draw_VLp                        vec_rum_0xf4.c
          F433  ___Draw_Pat_VL_aa                  vec_rum_0xf4.c
          F434  ___Draw_Pat_VL_a                   vec_rum_0xf4.c
          F437  ___Draw_Pat_VL                     vec_rum_0xf4.c
          F439  ___Draw_Pat_VL_d                   vec_rum_0xf4.c
          F46E  ___Draw_VL_mode                    vec_rum_0xf4.c
          F495  ___Print_Str                       vec_rum_0xf4.c
          F498  ___Print_MRast                     vec_rum_0xf4.c
ASxxxx Linker V05.00,  page 98.
Hexidecimal  [16-Bits]
[ Bank == page_f5 ]

Area                       Addr        Size        Decimal Bytes (Attributes)
--------------------       ----        ----        ------- ----- ------------
.0xf5                      F511        00EF =         239. bytes (ABS,OVR,CSEG)

         Value  Global                             Global Defined In Module
         -----  --------------------------------   ------------------------
          F511  ___Random_3                        vec_rum_0xf5.c
          F517  ___Random                          vec_rum_0xf5.c
          F533  ___Init_Music_Buf                  vec_rum_0xf5.c
          F53F  ___Clear_x_b                       vec_rum_0xf5.c
          F542  ___Clear_C8_RAM                    vec_rum_0xf5.c
          F545  ___Clear_x_256                     vec_rum_0xf5.c
          F548  ___Clear_x_d                       vec_rum_0xf5.c
          F550  ___Clear_x_b_80                    vec_rum_0xf5.c
          F552  ___Clear_x_b_a                     vec_rum_0xf5.c
          F55A  ___Dec_3_Counters                  vec_rum_0xf5.c
          F55E  ___Dec_6_Counters                  vec_rum_0xf5.c
          F563  ___Dec_Counters                    vec_rum_0xf5.c
          F56D  ___Delay_3                         vec_rum_0xf5.c
          F571  ___Delay_2                         vec_rum_0xf5.c
          F575  ___Delay_1                         vec_rum_0xf5.c
          F579  ___Delay_0                         vec_rum_0xf5.c
          F57A  ___Delay_b                         vec_rum_0xf5.c
          F57D  ___Delay_RTS                       vec_rum_0xf5.c
          F57E  ___Bitmask_a                       vec_rum_0xf5.c
          F584  ___Abs_a_b                         vec_rum_0xf5.c
          F58B  ___Abs_b                           vec_rum_0xf5.c
          F593  ___Rise_Run_Angle                  vec_rum_0xf5.c
          F5D9  ___Get_Rise_Idx                    vec_rum_0xf5.c
          F5DB  ___Xform_Sin                       vec_rum_0xf5.c
          F5EF  ___Get_Rise_Run                    vec_rum_0xf5.c
          F5FF  ___Rise_Run_X                      vec_rum_0xf5.c

ASxxxx Linker V05.00,  page 99.
Hexidecimal  [16-Bits]
[ Bank == page_f6 ]

Area                       Addr        Size        Decimal Bytes (Attributes)
--------------------       ----        ----        ------- ----- ------------
.0xf6                      F601        0092 =         146. bytes (ABS,OVR,CSEG)

         Value  Global                             Global Defined In Module
         -----  --------------------------------   ------------------------
          F601  ___Rise_Run_Y                      vec_rum_0xf6.c
          F603  ___Rise_Run_Len                    vec_rum_0xf6.c
          F610  ___Rot_VL_ab                       vec_rum_0xf6.c
          F613  ___Rot_VL_Diff                     vec_rum_0xf6.c
          F616  ___Rot_VL                          vec_rum_0xf6.c
          F61F  ___Rot_VL_Mode                     vec_rum_0xf6.c
          F622  ___Rot_VL_Pack                     vec_rum_0xf6.c
          F62B  ___Rot_VL_M_dft                    vec_rum_0xf6.c
          F65B  ___Xform_Run_a                     vec_rum_0xf6.c
          F65D  ___Xform_Run                       vec_rum_0xf6.c
          F661  ___Xform_Rise_a                    vec_rum_0xf6.c
          F663  ___Xform_Rise                      vec_rum_0xf6.c
          F67F  ___Move_Mem_a_1                    vec_rum_0xf6.c
          F683  ___Move_Mem_a                      vec_rum_0xf6.c
          F687  ___Init_Music_chk                  vec_rum_0xf6.c
          F68D  ___Init_Music                      vec_rum_0xf6.c
          F690  ___Init_Music_a                    vec_rum_0xf6.c
          F692  ___Init_Music_x                    vec_rum_0xf6.c

ASxxxx Linker V05.00,  page 100.
Hexidecimal  [16-Bits]
[ Bank == page_f7 ]

Area                       Addr        Size        Decimal Bytes (Attributes)
--------------------       ----        ----        ------- ----- ------------
.0xf7                      F742        0068 =         104. bytes (ABS,OVR,CSEG)

         Value  Global                             Global Defined In Module
         -----  --------------------------------   ------------------------
          F742  ___Stop_Sound                      vec_rum_0xf7.c
          F7A9  ___Select_Game                     vec_rum_0xf7.c

ASxxxx Linker V05.00,  page 101.
Hexidecimal  [16-Bits]
[ Bank == page_f8 ]

Area                       Addr        Size        Decimal Bytes (Attributes)
--------------------       ----        ----        ------- ----- ------------
.0xf8                      F835        00CB =         203. bytes (ABS,OVR,CSEG)

         Value  Global                             Global Defined In Module
         -----  --------------------------------   ------------------------
          F835  ___Display_Option                  vec_rum_0xf8.c
          F84F  ___Clear_Score                     vec_rum_0xf8.c
          F85E  ___Add_Score_a                     vec_rum_0xf8.c
          F87C  ___Add_Score_d                     vec_rum_0xf8.c
          F8B7  ___Strip_Zeros                     vec_rum_0xf8.c
          F8C7  ___Compare_Score                   vec_rum_0xf8.c
          F8D8  ___New_High_Score                  vec_rum_0xf8.c
          F8E5  ___Obj_Will_Hit_u                  vec_rum_0xf8.c
          F8F3  ___Obj_Will_Hit                    vec_rum_0xf8.c
          F8FF  ___Obj_Hit                         vec_rum_0xf8.c

ASxxxx Linker V05.00,  page 102.
Hexidecimal  [16-Bits]
[ Bank == page_f9 ]

Area                       Addr        Size        Decimal Bytes (Attributes)
--------------------       ----        ----        ------- ----- ------------
.0xf9                      F92E        009D =         157. bytes (ABS,OVR,CSEG)

         Value  Global                             Global Defined In Module
         -----  --------------------------------   ------------------------
          F92E  ___Explosion_Snd                   vec_rum_0xf9.c
          F9CA  ___Set_Amp                         vec_rum_0xf9.c

ASxxxx Linker V05.00,  page 103.

Files Linked                              [ module(s) ]

C:\vide\C\PeerC\vectrex\lib\crt0.rel      [ crt0.c ]
C:\vide\C\PeerC\vectrex\lib\gcc.rel       [ gcc.c ]
C:\vide\C\PeerC\vectrex\lib\vec_ram_0xc8  [ vec_ram_0xc8_0.c ]
C:\vide\C\PeerC\vectrex\lib\vec_ram_0xc8  [ vec_ram_0xc8_1.c ]
C:\vide\C\PeerC\vectrex\lib\vec_ram_0xc8  [ vec_ram_0xc8_2.c ]
C:\vide\C\PeerC\vectrex\lib\vec_ram_0xcb  [ vec_ram_0xcb_0.c ]
C:\vide\C\PeerC\vectrex\lib\vec_ram_0xcb  [ vec_ram_0xcb_1.c ]
C:\vide\C\PeerC\vectrex\lib\vec_ram_0xcb  [ vec_ram_0xcb_2.c ]
C:\vide\C\PeerC\vectrex\lib\vec_ram_0xcb  [ vec_ram_0xcb_3.c ]
C:\vide\C\PeerC\vectrex\lib\vec_ram_0xd0  [ vec_ram_0xd0_0.c ]
C:\vide\C\PeerC\vectrex\lib\vec_ram_0xd0  [ vec_ram_0xd0_1.c ]
C:\vide\C\PeerC\vectrex\lib\vec_ram_dpc8  [ vec_ram_dpc8_0.c ]
C:\vide\C\PeerC\vectrex\lib\vec_ram_dpc8  [ vec_ram_dpc8_1.c ]
C:\vide\C\PeerC\vectrex\lib\vec_ram_dpc8  [ vec_ram_dpc8_2.c ]
C:\vide\C\PeerC\vectrex\lib\vec_ram_dpcb  [ vec_ram_dpcb_0.c ]
C:\vide\C\PeerC\vectrex\lib\vec_ram_dpcb  [ vec_ram_dpcb_1.c ]
C:\vide\C\PeerC\vectrex\lib\vec_ram_dpcb  [ vec_ram_dpcb_2.c ]
C:\vide\C\PeerC\vectrex\lib\vec_ram_dpcb  [ vec_ram_dpcb_3.c ]
C:\vide\C\PeerC\vectrex\lib\vec_ram_dpd0  [ vec_ram_dpd0_0.c ]
C:\vide\C\PeerC\vectrex\lib\vec_ram_dpd0  [ vec_ram_dpd0_1.c ]
C:\vide\C\PeerC\vectrex\lib\vec_rom_0xed  [ vec_rom_0xed_0.c ]
C:\vide\C\PeerC\vectrex\lib\vec_rom_0xfc  [ vec_rom_0xfc_0.c ]
C:\vide\C\PeerC\vectrex\lib\vec_rom_0xfd  [ vec_rom_0xfd_0.c ]
C:\vide\C\PeerC\vectrex\lib\vec_rom_0xfe  [ vec_rom_0xfe_0.c ]
C:\vide\C\PeerC\vectrex\lib\vec_rom_0xfe  [ vec_rom_0xfe_1.c ]
C:\vide\C\PeerC\vectrex\lib\vec_rom_0xff  [ vec_rom_0xff_0.c ]
C:\vide\C\PeerC\vectrex\lib\vec_rom_dped  [ vec_rom_dped_0.c ]
C:\vide\C\PeerC\vectrex\lib\vec_rom_dpfc  [ vec_rom_dpfc_0.c ]
C:\vide\C\PeerC\vectrex\lib\vec_rom_dpfd  [ vec_rom_dpfd_0.c ]
C:\vide\C\PeerC\vectrex\lib\vec_rom_dpfe  [ vec_rom_dpfe_0.c ]
C:\vide\C\PeerC\vectrex\lib\vec_rom_dpfe  [ vec_rom_dpfe_1.c ]
C:\vide\C\PeerC\vectrex\lib\vec_rom_dpff  [ vec_rom_dpff_0.c ]
C:\vide\C\PeerC\vectrex\lib\vec_rum_0xe7  [ vec_rum_0xe7.c ]
C:\vide\C\PeerC\vectrex\lib\vec_rum_0xe9  [ vec_rum_0xe9.c ]
C:\vide\C\PeerC\vectrex\lib\vec_rum_0xea  [ vec_rum_0xea.c ]
C:\vide\C\PeerC\vectrex\lib\vec_rum_0xf0  [ vec_rum_0xf0.c ]
C:\vide\C\PeerC\vectrex\lib\vec_rum_0xf1  [ vec_rum_0xf1.c ]
C:\vide\C\PeerC\vectrex\lib\vec_rum_0xf2  [ vec_rum_0xf2.c ]
C:\vide\C\PeerC\vectrex\lib\vec_rum_0xf3  [ vec_rum_0xf3.c ]
C:\vide\C\PeerC\vectrex\lib\vec_rum_0xf4  [ vec_rum_0xf4.c ]
C:\vide\C\PeerC\vectrex\lib\vec_rum_0xf5  [ vec_rum_0xf5.c ]
C:\vide\C\PeerC\vectrex\lib\vec_rum_0xf6  [ vec_rum_0xf6.c ]
C:\vide\C\PeerC\vectrex\lib\vec_rum_0xf7  [ vec_rum_0xf7.c ]
C:\vide\C\PeerC\vectrex\lib\vec_rum_0xf8  [ vec_rum_0xf8.c ]
C:\vide\C\PeerC\vectrex\lib\vec_rum_0xf9  [ vec_rum_0xf9.c ]
C:\vide\C\PeerC\vectrex\lib\vec_rum_fct_  [ vec_rum_fct_pjc.c ]
C:\vide\projects\HyperSpeed\build\lib\ca  [ cartridge.c ]
C:\vide\projects\HyperSpeed\build\lib\HY  [ hyperspeedaks ]
C:\vide\projects\HyperSpeed\build\lib\ma  [ main.c ]
C:\vide\projects\HyperSpeed\build\lib\ra  [ random.c ]
C:\vide\projects\HyperSpeed\lib\arkosPla  [ arkosplayer.pre.s ]
C:\vide\projects\HyperSpeed\lib\printSyn  [ printSyncList.s ]


Libraries Linked                          [ object file ]

C:\vide\C\PeerC\lib\as-libgcc.a           [ ./libgcc-cache/_umodhi3.o ]
C:\vide\C\PeerC\lib\as-libgcc.a           [ ./libgcc-cache/_udivhi3.o ]
C:\vide\C\PeerC\lib\as-libgcc.a           [ ./libgcc-cache/_euclid.o ]


